.next/types/app/(app)/alumni/directory/[alumniId]/page.ts(34,29): error TS2344: Type '{ params: { alumniId: string; }; }' does not satisfy the constraint 'PageProps'.
  Types of property 'params' are incompatible.
    Type '{ alumniId: string; }' is missing the following properties from type 'Promise<any>': then, catch, finally, [Symbol.toStringTag]
.next/types/app/(app)/students/[studentId]/page.ts(34,29): error TS2344: Type '{ params: { studentId: string; }; }' does not satisfy the constraint 'PageProps'.
  Types of property 'params' are incompatible.
    Type '{ studentId: string; }' is missing the following properties from type 'Promise<any>': then, catch, finally, [Symbol.toStringTag]
.next/types/app/(app)/students/[studentId]/report-card/page.ts(34,29): error TS2344: Type '{ params: { studentId: string; }; }' does not satisfy the constraint 'PageProps'.
  Types of property 'params' are incompatible.
    Type '{ studentId: string; }' is missing the following properties from type 'Promise<any>': then, catch, finally, [Symbol.toStringTag]
prisma.config.ts(13,5): error TS2353: Object literal may only specify known properties, and 'directUrl' does not exist in type '{ url?: string | undefined; shadowDatabaseUrl?: string | undefined; }'.
src/app/(app)/admissions/applications/application-client.tsx(38,23): error TS2307: Cannot find module '@/components/ui/use-toast' or its corresponding type declarations.
src/app/(app)/alumni/events/page.tsx(12,45): error TS2724: '"@/app/lib/data"' has no exported member named 'addAlumniEvent'. Did you mean 'AlumniEvent'?
src/app/(app)/alumni/jobs/page.tsx(12,36): error TS2305: Module '"@/app/lib/data"' has no exported member 'addJob'.
src/app/(app)/dashboard/page.tsx(11,45): error TS2552: Cannot find name 'Transaction'. Did you mean 'IDBTransaction'?
src/app/(app)/id-cards/page.tsx(36,23): error TS2307: Cannot find module 'jspdf' or its corresponding type declarations.
src/app/(app)/inventory/allocations/page.tsx(147,64): error TS2345: Argument of type '"Student" | "Employee" | "Department"' is not assignable to parameter of type '"Student" | "Employee"'.
  Type '"Department"' is not assignable to type '"Student" | "Employee"'.
src/app/(app)/students/[studentId]/page.tsx(68,117): error TS2339: Property 'class' does not exist on type '{ enrollments: { status: string; className: string; studentId: string; id: string; startDate: Date; endDate: Date | null; tenantId: string | null; academicYear: string; sectionName: string | null; }[]; } & { ...; }'.
src/app/(app)/students/[studentId]/page.tsx(536,64): error TS2339: Property 'type' does not exist on type '{ status: string; studentId: string | null; roomId: string; hostelId: string; roomNumber: string; tenantId: string | null; roomType: string; }'.
src/app/(app)/students/[studentId]/profile-actions.tsx(8,10): error TS2305: Module '"@/lib/actions"' has no exported member 'updateStudent'.
src/app/register/page.tsx(35,23): error TS2307: Cannot find module '@/components/ui/use-toast' or its corresponding type declarations.
src/app/student-portal/layout.tsx(48,73): error TS2339: Property 'class' does not exist on type '{ enrollments: { status: string; className: string; studentId: string; id: string; startDate: Date; endDate: Date | null; tenantId: string | null; academicYear: string; sectionName: string | null; }[]; } & { ...; }'.
src/components/forms/add-purchase-order-form.tsx(63,18): error TS2345: Argument of type '{ items: { itemId: string; quantity: number; }[]; vendorId: string; }' is not assignable to parameter of type 'Omit<PurchaseOrder, "status" | "poId" | "orderDate" | "totalAmount">'.
  Types of property 'items' are incompatible.
    Type '{ itemId: string; quantity: number; }[]' is not assignable to type '{ itemId: string; quantity: number; unitPrice: number; }[]'.
      Property 'unitPrice' is missing in type '{ itemId: string; quantity: number; }' but required in type '{ itemId: string; quantity: number; unitPrice: number; }'.
src/components/forms/add-transaction-form.tsx(64,18): error TS2345: Argument of type '{ date: string; type: "Income" | "Expense"; amount: number; description: string; method: string; }' is not assignable to parameter of type 'Omit<Transaction, "id">'.
  Property 'category' is missing in type '{ date: string; type: "Income" | "Expense"; amount: number; description: string; method: string; }' but required in type 'Omit<Transaction, "id">'.
src/components/forms/add-vendor-form.tsx(39,13): error TS2304: Cannot find name 'initialData'.
src/components/forms/add-vendor-form.tsx(40,22): error TS2304: Cannot find name 'initialData'.
src/components/forms/add-vendor-form.tsx(41,14): error TS2304: Cannot find name 'initialData'.
src/components/forms/add-vendor-form.tsx(42,14): error TS2304: Cannot find name 'initialData'.
src/components/forms/add-vendor-form.tsx(111,12): error TS2304: Cannot find name 'initialData'.
src/components/forms/edit-employee-form.tsx(127,5): error TS2322: Type '{ dob: Date; dateOfJoining: Date; nationality: string; nationalId: string; passport: string; lineManager: string; branch: string; jobType: string; bankAccount: string; blog: any; officePhone: any; ... 55 more ...; emergencyOffice: string | null; }' is not assignable to type 'AsyncDefaultValues<{ name: string; dob: Date; status: "Active" | "OnLeave" | "Probation" | "Resigned"; avatarUrl: string; email: string; gender: "Female" | "Male" | "Other"; employeeId: string; ... 67 more ...; legRight?: string | undefined; }> | { ...; } | undefined'.
  Type '{ dob: Date; dateOfJoining: Date; nationality: string; nationalId: string; passport: string; lineManager: string; branch: string; jobType: string; bankAccount: string; blog: any; officePhone: any; ... 55 more ...; emergencyOffice: string | null; }' is not assignable to type '{ name?: string | undefined; dob?: Date | undefined; status?: "Active" | "OnLeave" | "Probation" | "Resigned" | undefined; avatarUrl?: string | undefined; email?: string | undefined; ... 69 more ...; legRight?: string | undefined; }'.
    Types of property 'status' are incompatible.
      Type 'string' is not assignable to type '"Active" | "OnLeave" | "Probation" | "Resigned" | undefined'.
src/components/forms/edit-employee-form.tsx(138,22): error TS2339: Property 'contact' does not exist on type '{ height: number | null; name: string; dob: string; status: string; avatarUrl: string; email: string; gender: string; employeeId: string; employeeCode: string; nationality: string | null; nationalId: string | null; ... 44 more ...; weight: number | null; }'.
src/components/forms/edit-employee-form.tsx(139,29): error TS2339: Property 'contact' does not exist on type '{ height: number | null; name: string; dob: string; status: string; avatarUrl: string; email: string; gender: string; employeeId: string; employeeCode: string; nationality: string | null; nationalId: string | null; ... 44 more ...; weight: number | null; }'.
src/components/forms/edit-employee-form.tsx(140,29): error TS2339: Property 'contact' does not exist on type '{ height: number | null; name: string; dob: string; status: string; avatarUrl: string; email: string; gender: string; employeeId: string; employeeCode: string; nationality: string | null; nationalId: string | null; ... 44 more ...; weight: number | null; }'.
src/components/forms/edit-employee-form.tsx(141,28): error TS2339: Property 'contact' does not exist on type '{ height: number | null; name: string; dob: string; status: string; avatarUrl: string; email: string; gender: string; employeeId: string; employeeCode: string; nationality: string | null; nationalId: string | null; ... 44 more ...; weight: number | null; }'.
src/components/forms/edit-employee-form.tsx(142,26): error TS2551: Property 'address' does not exist on type '{ height: number | null; name: string; dob: string; status: string; avatarUrl: string; email: string; gender: string; employeeId: string; employeeCode: string; nationality: string | null; nationalId: string | null; ... 44 more ...; weight: number | null; }'. Did you mean 'address1'?
src/components/forms/edit-employee-form.tsx(143,26): error TS2551: Property 'address' does not exist on type '{ height: number | null; name: string; dob: string; status: string; avatarUrl: string; email: string; gender: string; employeeId: string; employeeCode: string; nationality: string | null; nationalId: string | null; ... 44 more ...; weight: number | null; }'. Did you mean 'address1'?
src/components/forms/edit-employee-form.tsx(144,22): error TS2551: Property 'address' does not exist on type '{ height: number | null; name: string; dob: string; status: string; avatarUrl: string; email: string; gender: string; employeeId: string; employeeCode: string; nationality: string | null; nationalId: string | null; ... 44 more ...; weight: number | null; }'. Did you mean 'address1'?
src/components/forms/edit-employee-form.tsx(145,26): error TS2551: Property 'address' does not exist on type '{ height: number | null; name: string; dob: string; status: string; avatarUrl: string; email: string; gender: string; employeeId: string; employeeCode: string; nationality: string | null; nationalId: string | null; ... 44 more ...; weight: number | null; }'. Did you mean 'address1'?
src/components/forms/edit-employee-form.tsx(146,23): error TS2551: Property 'address' does not exist on type '{ height: number | null; name: string; dob: string; status: string; avatarUrl: string; email: string; gender: string; employeeId: string; employeeCode: string; nationality: string | null; nationalId: string | null; ... 44 more ...; weight: number | null; }'. Did you mean 'address1'?
src/components/forms/edit-employee-form.tsx(147,25): error TS2551: Property 'address' does not exist on type '{ height: number | null; name: string; dob: string; status: string; avatarUrl: string; email: string; gender: string; employeeId: string; employeeCode: string; nationality: string | null; nationalId: string | null; ... 44 more ...; weight: number | null; }'. Did you mean 'address1'?
src/components/forms/edit-employee-form.tsx(148,36): error TS2339: Property 'emergencyContact' does not exist on type '{ height: number | null; name: string; dob: string; status: string; avatarUrl: string; email: string; gender: string; employeeId: string; employeeCode: string; nationality: string | null; nationalId: string | null; ... 44 more ...; weight: number | null; }'.
src/components/forms/edit-employee-form.tsx(149,37): error TS2339: Property 'emergencyContact' does not exist on type '{ height: number | null; name: string; dob: string; status: string; avatarUrl: string; email: string; gender: string; employeeId: string; employeeCode: string; nationality: string | null; nationalId: string | null; ... 44 more ...; weight: number | null; }'.
src/components/forms/edit-employee-form.tsx(150,35): error TS2339: Property 'emergencyContact' does not exist on type '{ height: number | null; name: string; dob: string; status: string; avatarUrl: string; email: string; gender: string; employeeId: string; employeeCode: string; nationality: string | null; nationalId: string | null; ... 44 more ...; weight: number | null; }'.
src/components/forms/edit-employee-form.tsx(151,39): error TS2339: Property 'emergencyContact' does not exist on type '{ height: number | null; name: string; dob: string; status: string; avatarUrl: string; email: string; gender: string; employeeId: string; employeeCode: string; nationality: string | null; nationalId: string | null; ... 44 more ...; weight: number | null; }'.
src/components/forms/edit-employee-form.tsx(152,38): error TS2339: Property 'emergencyContact' does not exist on type '{ height: number | null; name: string; dob: string; status: string; avatarUrl: string; email: string; gender: string; employeeId: string; employeeCode: string; nationality: string | null; nationalId: string | null; ... 44 more ...; weight: number | null; }'.
src/components/forms/edit-employee-form.tsx(153,37): error TS2339: Property 'emergencyContact' does not exist on type '{ height: number | null; name: string; dob: string; status: string; avatarUrl: string; email: string; gender: string; employeeId: string; employeeCode: string; nationality: string | null; nationalId: string | null; ... 44 more ...; weight: number | null; }'.
src/components/forms/edit-employee-form.tsx(154,38): error TS2339: Property 'emergencyContact' does not exist on type '{ height: number | null; name: string; dob: string; status: string; avatarUrl: string; email: string; gender: string; employeeId: string; employeeCode: string; nationality: string | null; nationalId: string | null; ... 44 more ...; weight: number | null; }'.
src/components/forms/edit-employee-form.tsx(155,31): error TS2339: Property 'family' does not exist on type '{ height: number | null; name: string; dob: string; status: string; avatarUrl: string; email: string; gender: string; employeeId: string; employeeCode: string; nationality: string | null; nationalId: string | null; ... 44 more ...; weight: number | null; }'.
src/components/forms/edit-employee-form.tsx(156,31): error TS2339: Property 'family' does not exist on type '{ height: number | null; name: string; dob: string; status: string; avatarUrl: string; email: string; gender: string; employeeId: string; employeeCode: string; nationality: string | null; nationalId: string | null; ... 44 more ...; weight: number | null; }'.
src/components/forms/edit-employee-form.tsx(157,33): error TS2339: Property 'family' does not exist on type '{ height: number | null; name: string; dob: string; status: string; avatarUrl: string; email: string; gender: string; employeeId: string; employeeCode: string; nationality: string | null; nationalId: string | null; ... 44 more ...; weight: number | null; }'.
src/components/forms/edit-employee-form.tsx(158,34): error TS2339: Property 'family' does not exist on type '{ height: number | null; name: string; dob: string; status: string; avatarUrl: string; email: string; gender: string; employeeId: string; employeeCode: string; nationality: string | null; nationalId: string | null; ... 44 more ...; weight: number | null; }'.
src/components/forms/edit-employee-form.tsx(159,32): error TS2339: Property 'family' does not exist on type '{ height: number | null; name: string; dob: string; status: string; avatarUrl: string; email: string; gender: string; employeeId: string; employeeCode: string; nationality: string | null; nationalId: string | null; ... 44 more ...; weight: number | null; }'.
src/components/forms/edit-employee-form.tsx(160,33): error TS2339: Property 'family' does not exist on type '{ height: number | null; name: string; dob: string; status: string; avatarUrl: string; email: string; gender: string; employeeId: string; employeeCode: string; nationality: string | null; nationalId: string | null; ... 44 more ...; weight: number | null; }'.
src/components/forms/edit-employee-form.tsx(160,77): error TS2339: Property 'family' does not exist on type '{ height: number | null; name: string; dob: string; status: string; avatarUrl: string; email: string; gender: string; employeeId: string; employeeCode: string; nationality: string | null; nationalId: string | null; ... 44 more ...; weight: number | null; }'.
src/components/forms/edit-employee-form.tsx(161,35): error TS2339: Property 'family' does not exist on type '{ height: number | null; name: string; dob: string; status: string; avatarUrl: string; email: string; gender: string; employeeId: string; employeeCode: string; nationality: string | null; nationalId: string | null; ... 44 more ...; weight: number | null; }'.
src/components/forms/edit-employee-form.tsx(162,34): error TS2339: Property 'family' does not exist on type '{ height: number | null; name: string; dob: string; status: string; avatarUrl: string; email: string; gender: string; employeeId: string; employeeCode: string; nationality: string | null; nationalId: string | null; ... 44 more ...; weight: number | null; }'.
src/components/forms/edit-employee-form.tsx(163,32): error TS2339: Property 'family' does not exist on type '{ height: number | null; name: string; dob: string; status: string; avatarUrl: string; email: string; gender: string; employeeId: string; employeeCode: string; nationality: string | null; nationalId: string | null; ... 44 more ...; weight: number | null; }'.
src/components/forms/edit-employee-form.tsx(164,33): error TS2339: Property 'family' does not exist on type '{ height: number | null; name: string; dob: string; status: string; avatarUrl: string; email: string; gender: string; employeeId: string; employeeCode: string; nationality: string | null; nationalId: string | null; ... 44 more ...; weight: number | null; }'.
src/components/forms/edit-employee-form.tsx(165,32): error TS2339: Property 'family' does not exist on type '{ height: number | null; name: string; dob: string; status: string; avatarUrl: string; email: string; gender: string; employeeId: string; employeeCode: string; nationality: string | null; nationalId: string | null; ... 44 more ...; weight: number | null; }'.
src/components/forms/edit-employee-form.tsx(166,31): error TS2339: Property 'family' does not exist on type '{ height: number | null; name: string; dob: string; status: string; avatarUrl: string; email: string; gender: string; employeeId: string; employeeCode: string; nationality: string | null; nationalId: string | null; ... 44 more ...; weight: number | null; }'.
src/components/forms/edit-employee-form.tsx(167,24): error TS2339: Property 'health' does not exist on type '{ height: number | null; name: string; dob: string; status: string; avatarUrl: string; email: string; gender: string; employeeId: string; employeeCode: string; nationality: string | null; nationalId: string | null; ... 44 more ...; weight: number | null; }'.
src/components/forms/edit-employee-form.tsx(168,24): error TS2339: Property 'health' does not exist on type '{ height: number | null; name: string; dob: string; status: string; avatarUrl: string; email: string; gender: string; employeeId: string; employeeCode: string; nationality: string | null; nationalId: string | null; ... 44 more ...; weight: number | null; }'.
src/components/forms/edit-employee-form.tsx(169,27): error TS2339: Property 'health' does not exist on type '{ height: number | null; name: string; dob: string; status: string; avatarUrl: string; email: string; gender: string; employeeId: string; employeeCode: string; nationality: string | null; nationalId: string | null; ... 44 more ...; weight: number | null; }'.
src/components/forms/edit-employee-form.tsx(170,28): error TS2339: Property 'health' does not exist on type '{ height: number | null; name: string; dob: string; status: string; avatarUrl: string; email: string; gender: string; employeeId: string; employeeCode: string; nationality: string | null; nationalId: string | null; ... 44 more ...; weight: number | null; }'.
src/components/forms/edit-employee-form.tsx(171,29): error TS2339: Property 'health' does not exist on type '{ height: number | null; name: string; dob: string; status: string; avatarUrl: string; email: string; gender: string; employeeId: string; employeeCode: string; nationality: string | null; nationalId: string | null; ... 44 more ...; weight: number | null; }'.
src/components/forms/edit-employee-form.tsx(172,29): error TS2339: Property 'health' does not exist on type '{ height: number | null; name: string; dob: string; status: string; avatarUrl: string; email: string; gender: string; employeeId: string; employeeCode: string; nationality: string | null; nationalId: string | null; ... 44 more ...; weight: number | null; }'.
src/components/forms/edit-employee-form.tsx(173,30): error TS2339: Property 'health' does not exist on type '{ height: number | null; name: string; dob: string; status: string; avatarUrl: string; email: string; gender: string; employeeId: string; employeeCode: string; nationality: string | null; nationalId: string | null; ... 44 more ...; weight: number | null; }'.
src/components/forms/edit-employee-form.tsx(174,26): error TS2339: Property 'health' does not exist on type '{ height: number | null; name: string; dob: string; status: string; avatarUrl: string; email: string; gender: string; employeeId: string; employeeCode: string; nationality: string | null; nationalId: string | null; ... 44 more ...; weight: number | null; }'.
src/components/forms/edit-employee-form.tsx(175,27): error TS2339: Property 'health' does not exist on type '{ height: number | null; name: string; dob: string; status: string; avatarUrl: string; email: string; gender: string; employeeId: string; employeeCode: string; nationality: string | null; nationalId: string | null; ... 44 more ...; weight: number | null; }'.
src/components/forms/edit-employee-form.tsx(176,25): error TS2339: Property 'health' does not exist on type '{ height: number | null; name: string; dob: string; status: string; avatarUrl: string; email: string; gender: string; employeeId: string; employeeCode: string; nationality: string | null; nationalId: string | null; ... 44 more ...; weight: number | null; }'.
src/components/forms/edit-employee-form.tsx(177,26): error TS2339: Property 'health' does not exist on type '{ height: number | null; name: string; dob: string; status: string; avatarUrl: string; email: string; gender: string; employeeId: string; employeeCode: string; nationality: string | null; nationalId: string | null; ... 44 more ...; weight: number | null; }'.
src/components/forms/edit-employee-form.tsx(231,18): error TS2352: Conversion of type '{ dob: string; dateOfJoining: string; contact: { blog: string | undefined; officePhone: string | undefined; mobilePhone: string | undefined; housePhone: string | undefined; }; address: { ...; }; ... 35 more ...; nextReviewDate?: Date | undefined; }' to type '{ height: number | null; name: string; dob: string; status: string; avatarUrl: string; email: string; gender: string; employeeId: string; employeeCode: string; nationality: string | null; nationalId: string | null; ... 44 more ...; weight: number | null; }' may be a mistake because neither type sufficiently overlaps with the other. If this was intentional, convert the expression to 'unknown' first.
  Type '{ dob: string; dateOfJoining: string; contact: { blog: string | undefined; officePhone: string | undefined; mobilePhone: string | undefined; housePhone: string | undefined; }; address: { ...; }; ... 35 more ...; nextReviewDate?: Date | undefined; }' is missing the following properties from type '{ height: number | null; name: string; dob: string; status: string; avatarUrl: string; email: string; gender: string; employeeId: string; employeeCode: string; nationality: string | null; nationalId: string | null; ... 44 more ...; weight: number | null; }': height, allowances, deductions, bloodType, and 31 more.
src/components/forms/edit-employee-form.tsx(434,39): error TS2552: Cannot find name 'employees'. Did you mean 'employee'?
src/components/forms/edit-employee-form.tsx(434,53): error TS7006: Parameter 'e' implicitly has an 'any' type.
src/components/forms/edit-student-form.tsx(62,5): error TS2322: Type '{ dob: Date | undefined; gender: string; address: string; enrollmentDate: Date | undefined; name: string; status: string; className: string; studentId: string; admissionNumber: string; ... 14 more ...; sectionId: string | null; }' is not assignable to type 'AsyncDefaultValues<{ class: string; name: string; status: "Active" | "Inactive"; studentId: string; admissionNumber: string; avatarUrl: string; parent: string; email: string; isRefugee: boolean; dob?: Date | undefined; ... 5 more ...; region?: string | undefined; }> | { ...; } | undefined'.
  Type '{ dob: Date | undefined; gender: string; address: string; enrollmentDate: Date | undefined; name: string; status: string; className: string; studentId: string; admissionNumber: string; ... 14 more ...; sectionId: string | null; }' is not assignable to type '{ class?: string | undefined; name?: string | undefined; status?: "Active" | "Inactive" | undefined; studentId?: string | undefined; admissionNumber?: string | undefined; avatarUrl?: string | undefined; ... 9 more ...; region?: string | undefined; }'.
    Types of property 'status' are incompatible.
      Type 'string' is not assignable to type '"Active" | "Inactive" | undefined'.
src/components/forms/enter-marks-form.tsx(81,22): error TS2345: Argument of type '{ assessmentId: string; studentId: string; marksObtained: number; grade: string; remarks: string | undefined; }[]' is not assignable to parameter of type 'Omit<AssessmentResult, "resultId">[]'.
  Type '{ assessmentId: string; studentId: string; marksObtained: number; grade: string; remarks: string | undefined; }' is not assignable to type 'Omit<AssessmentResult, "resultId">'.
    Types of property 'remarks' are incompatible.
      Type 'string | undefined' is not assignable to type 'string | null'.
        Type 'undefined' is not assignable to type 'string | null'.
